  DLP.RiskAnalyzer.Shared -> C:\Users\abdul\Desktop\dlp-risk-adaptive-protection-csharp-main\DLP.RiskAnalyzer.Shared\bin\Debug\net8.0\DLP.RiskAnalyzer.Shared.dll
C:\Users\abdul\Desktop\dlp-risk-adaptive-protection-csharp-main\DLP.RiskAnalyzer.Analyzer\Services\UserInsightsService.cs(6,7): warning CS0105: 'DLP.RiskAnalyzer.Shared.Constants' i├ğin using y├Ânergesi bu ad alan─▒nda daha ├Ânce g├Âr├╝nd├╝ [C:\Users\abdul\Desktop\dlp-risk-adaptive-protection-csharp-main\DLP.RiskAnalyzer.Analyzer\DLP.RiskAnalyzer.Analyzer.csproj]
C:\Users\abdul\Desktop\dlp-risk-adaptive-protection-csharp-main\DLP.RiskAnalyzer.Analyzer\Services\UserInsightsService.cs(7,7): warning CS0105: 'DLP.RiskAnalyzer.Shared.Helpers' i├ğin using y├Ânergesi bu ad alan─▒nda daha ├Ânce g├Âr├╝nd├╝ [C:\Users\abdul\Desktop\dlp-risk-adaptive-protection-csharp-main\DLP.RiskAnalyzer.Analyzer\DLP.RiskAnalyzer.Analyzer.csproj]
C:\Users\abdul\Desktop\dlp-risk-adaptive-protection-csharp-main\DLP.RiskAnalyzer.Analyzer\Controllers\AnalysisController.cs(27,85): error CS1503: 1 ba─ş─▒ms─▒z de─şi┼şkeni: 'DLP.RiskAnalyzer.Analyzer.Services.DatabaseService' ├Â─şesinden 'DLP.RiskAnalyzer.Analyzer.Services.IRedisStreamProcessor' ├Â─şesine d├Ân├╝┼şt├╝r├╝lemiyor [C:\Users\abdul\Desktop\dlp-risk-adaptive-protection-csharp-main\DLP.RiskAnalyzer.Analyzer\DLP.RiskAnalyzer.Analyzer.csproj]
C:\Users\abdul\Desktop\dlp-risk-adaptive-protection-csharp-main\DLP.RiskAnalyzer.Analyzer\Helpers\IncidentResponseMapper.cs(30,33): warning CS8601: Olas─▒ null ba┼şvuru atamas─▒. [C:\Users\abdul\Desktop\dlp-risk-adaptive-protection-csharp-main\DLP.RiskAnalyzer.Analyzer\DLP.RiskAnalyzer.Analyzer.csproj]
C:\Users\abdul\Desktop\dlp-risk-adaptive-protection-csharp-main\DLP.RiskAnalyzer.Analyzer\Controllers\AnalysisController.cs(47,30): error CS1061: 'DatabaseService' bir 'ProcessRedisStreamAsync' tan─▒m─▒ i├ğermiyor ve 'DatabaseService' t├╝r├╝nde bir ilk ba─ş─▒ms─▒z de─şi┼şken kabul eden hi├ğbir eri┼şilebilir 'ProcessRedisStreamAsync' geni┼şletme y├Ântemi bulunamad─▒ (bir kullanma y├Ânergeniz veya derleme ba┼şvurunuz eksik olabilir mi?) [C:\Users\abdul\Desktop\dlp-risk-adaptive-protection-csharp-main\DLP.RiskAnalyzer.Analyzer\DLP.RiskAnalyzer.Analyzer.csproj]
C:\Users\abdul\Desktop\dlp-risk-adaptive-protection-csharp-main\DLP.RiskAnalyzer.Analyzer\Services\RiskAnalyzerService.cs(30,45): error CS7036: 'UserInsightsService.UserInsightsService(IUserDailyRiskScoreRepository, IIncidentRepository)'nin gerekli 'incidentRepository' parametresine kar┼ş─▒l─▒k gelen herhangi bir arg├╝man yok [C:\Users\abdul\Desktop\dlp-risk-adaptive-protection-csharp-main\DLP.RiskAnalyzer.Analyzer\DLP.RiskAnalyzer.Analyzer.csproj]
C:\Users\abdul\Desktop\dlp-risk-adaptive-protection-csharp-main\DLP.RiskAnalyzer.Analyzer\Services\BehaviorAIExplanationService.cs(50,51): error CS0103: 'ModelProviderKey' ad─▒ ge├ğerli ba─şlamda yok [C:\Users\abdul\Desktop\dlp-risk-adaptive-protection-csharp-main\DLP.RiskAnalyzer.Analyzer\DLP.RiskAnalyzer.Analyzer.csproj]
C:\Users\abdul\Desktop\dlp-risk-adaptive-protection-csharp-main\DLP.RiskAnalyzer.Analyzer\Services\BehaviorAIExplanationService.cs(51,52): error CS0103: 'ModelNameKey' ad─▒ ge├ğerli ba─şlamda yok [C:\Users\abdul\Desktop\dlp-risk-adaptive-protection-csharp-main\DLP.RiskAnalyzer.Analyzer\DLP.RiskAnalyzer.Analyzer.csproj]
C:\Users\abdul\Desktop\dlp-risk-adaptive-protection-csharp-main\DLP.RiskAnalyzer.Analyzer\Services\BehaviorAIExplanationService.cs(52,57): error CS0103: 'TemperatureKey' ad─▒ ge├ğerli ba─şlamda yok [C:\Users\abdul\Desktop\dlp-risk-adaptive-protection-csharp-main\DLP.RiskAnalyzer.Analyzer\DLP.RiskAnalyzer.Analyzer.csproj]
C:\Users\abdul\Desktop\dlp-risk-adaptive-protection-csharp-main\DLP.RiskAnalyzer.Analyzer\Services\BehaviorAIExplanationService.cs(54,55): error CS0103: 'MaxTokensKey' ad─▒ ge├ğerli ba─şlamda yok [C:\Users\abdul\Desktop\dlp-risk-adaptive-protection-csharp-main\DLP.RiskAnalyzer.Analyzer\DLP.RiskAnalyzer.Analyzer.csproj]
C:\Users\abdul\Desktop\dlp-risk-adaptive-protection-csharp-main\DLP.RiskAnalyzer.Analyzer\Services\BehaviorAIExplanationService.cs(66,60): error CS0103: 'OpenAIKeyKey' ad─▒ ge├ğerli ba─şlamda yok [C:\Users\abdul\Desktop\dlp-risk-adaptive-protection-csharp-main\DLP.RiskAnalyzer.Analyzer\DLP.RiskAnalyzer.Analyzer.csproj]
C:\Users\abdul\Desktop\dlp-risk-adaptive-protection-csharp-main\DLP.RiskAnalyzer.Analyzer\Services\BehaviorAIExplanationService.cs(74,30): error CS0103: '_protector' ad─▒ ge├ğerli ba─şlamda yok [C:\Users\abdul\Desktop\dlp-risk-adaptive-protection-csharp-main\DLP.RiskAnalyzer.Analyzer\DLP.RiskAnalyzer.Analyzer.csproj]
C:\Users\abdul\Desktop\dlp-risk-adaptive-protection-csharp-main\DLP.RiskAnalyzer.Analyzer\Services\BehaviorAIExplanationService.cs(75,22): error CS8130: T├╝r├╝ ├Ârt├╝k olarak belirlenen 'explanation' ayr─▒┼şt─▒rma de─şi┼şkeninin t├╝r├╝ ├ğ─▒karsanam─▒yor. [C:\Users\abdul\Desktop\dlp-risk-adaptive-protection-csharp-main\DLP.RiskAnalyzer.Analyzer\DLP.RiskAnalyzer.Analyzer.csproj]
C:\Users\abdul\Desktop\dlp-risk-adaptive-protection-csharp-main\DLP.RiskAnalyzer.Analyzer\Services\BehaviorAIExplanationService.cs(75,35): error CS8130: T├╝r├╝ ├Ârt├╝k olarak belirlenen 'recommendation' ayr─▒┼şt─▒rma de─şi┼şkeninin t├╝r├╝ ├ğ─▒karsanam─▒yor. [C:\Users\abdul\Desktop\dlp-risk-adaptive-protection-csharp-main\DLP.RiskAnalyzer.Analyzer\DLP.RiskAnalyzer.Analyzer.csproj]
C:\Users\abdul\Desktop\dlp-risk-adaptive-protection-csharp-main\DLP.RiskAnalyzer.Analyzer\Services\BehaviorAIExplanationService.cs(97,60): error CS0103: 'AzureKeyKey' ad─▒ ge├ğerli ba─şlamda yok [C:\Users\abdul\Desktop\dlp-risk-adaptive-protection-csharp-main\DLP.RiskAnalyzer.Analyzer\DLP.RiskAnalyzer.Analyzer.csproj]
C:\Users\abdul\Desktop\dlp-risk-adaptive-protection-csharp-main\DLP.RiskAnalyzer.Analyzer\Services\BehaviorAIExplanationService.cs(98,55): error CS0103: 'AzureEndpointKey' ad─▒ ge├ğerli ba─şlamda yok [C:\Users\abdul\Desktop\dlp-risk-adaptive-protection-csharp-main\DLP.RiskAnalyzer.Analyzer\DLP.RiskAnalyzer.Analyzer.csproj]
C:\Users\abdul\Desktop\dlp-risk-adaptive-protection-csharp-main\DLP.RiskAnalyzer.Analyzer\Services\BehaviorAIExplanationService.cs(107,30): error CS0103: '_protector' ad─▒ ge├ğerli ba─şlamda yok [C:\Users\abdul\Desktop\dlp-risk-adaptive-protection-csharp-main\DLP.RiskAnalyzer.Analyzer\DLP.RiskAnalyzer.Analyzer.csproj]
C:\Users\abdul\Desktop\dlp-risk-adaptive-protection-csharp-main\DLP.RiskAnalyzer.Analyzer\Services\BehaviorAIExplanationService.cs(108,22): error CS8130: T├╝r├╝ ├Ârt├╝k olarak belirlenen 'explanation' ayr─▒┼şt─▒rma de─şi┼şkeninin t├╝r├╝ ├ğ─▒karsanam─▒yor. [C:\Users\abdul\Desktop\dlp-risk-adaptive-protection-csharp-main\DLP.RiskAnalyzer.Analyzer\DLP.RiskAnalyzer.Analyzer.csproj]
C:\Users\abdul\Desktop\dlp-risk-adaptive-protection-csharp-main\DLP.RiskAnalyzer.Analyzer\Services\BehaviorAIExplanationService.cs(108,35): error CS8130: T├╝r├╝ ├Ârt├╝k olarak belirlenen 'recommendation' ayr─▒┼şt─▒rma de─şi┼şkeninin t├╝r├╝ ├ğ─▒karsanam─▒yor. [C:\Users\abdul\Desktop\dlp-risk-adaptive-protection-csharp-main\DLP.RiskAnalyzer.Analyzer\DLP.RiskAnalyzer.Analyzer.csproj]
C:\Users\abdul\Desktop\dlp-risk-adaptive-protection-csharp-main\DLP.RiskAnalyzer.Analyzer\Services\ReleasedIncidentProcessor.cs(100,44): error CS0246: 'ReleasedIncident' t├╝r├╝ veya ad alan─▒ ad─▒ bulunamad─▒ (bir using y├Ânergeniz veya derleme ba┼şvurunuz mu eksik?) [C:\Users\abdul\Desktop\dlp-risk-adaptive-protection-csharp-main\DLP.RiskAnalyzer.Analyzer\DLP.RiskAnalyzer.Analyzer.csproj]
C:\Users\abdul\Desktop\dlp-risk-adaptive-protection-csharp-main\DLP.RiskAnalyzer.Analyzer\Services\BehaviorMetricsCalculator.cs(98,36): error CS0103: 'CalculateChannelZScore' ad─▒ ge├ğerli ba─şlamda yok [C:\Users\abdul\Desktop\dlp-risk-adaptive-protection-csharp-main\DLP.RiskAnalyzer.Analyzer\DLP.RiskAnalyzer.Analyzer.csproj]
C:\Users\abdul\Desktop\dlp-risk-adaptive-protection-csharp-main\DLP.RiskAnalyzer.Analyzer\Services\BehaviorMetricsCalculator.cs(99,34): error CS0103: 'CalculateChannelZScore' ad─▒ ge├ğerli ba─şlamda yok [C:\Users\abdul\Desktop\dlp-risk-adaptive-protection-csharp-main\DLP.RiskAnalyzer.Analyzer\DLP.RiskAnalyzer.Analyzer.csproj]
C:\Users\abdul\Desktop\dlp-risk-adaptive-protection-csharp-main\DLP.RiskAnalyzer.Analyzer\Services\BehaviorMetricsCalculator.cs(100,39): error CS0103: 'CalculateChannelZScore' ad─▒ ge├ğerli ba─şlamda yok [C:\Users\abdul\Desktop\dlp-risk-adaptive-protection-csharp-main\DLP.RiskAnalyzer.Analyzer\DLP.RiskAnalyzer.Analyzer.csproj]
C:\Users\abdul\Desktop\dlp-risk-adaptive-protection-csharp-main\DLP.RiskAnalyzer.Analyzer\Services\RedisStreamProcessor.cs(228,46): error CS0103: '_incidentRepository' ad─▒ ge├ğerli ba─şlamda yok [C:\Users\abdul\Desktop\dlp-risk-adaptive-protection-csharp-main\DLP.RiskAnalyzer.Analyzer\DLP.RiskAnalyzer.Analyzer.csproj]
C:\Users\abdul\Desktop\dlp-risk-adaptive-protection-csharp-main\DLP.RiskAnalyzer.Analyzer\Services\RedisStreamProcessor.cs(282,31): error CS0103: '_incidentRepository' ad─▒ ge├ğerli ba─şlamda yok [C:\Users\abdul\Desktop\dlp-risk-adaptive-protection-csharp-main\DLP.RiskAnalyzer.Analyzer\DLP.RiskAnalyzer.Analyzer.csproj]
C:\Users\abdul\Desktop\dlp-risk-adaptive-protection-csharp-main\DLP.RiskAnalyzer.Analyzer\Services\RedisStreamProcessor.cs(310,35): error CS0103: '_incidentRepository' ad─▒ ge├ğerli ba─şlamda yok [C:\Users\abdul\Desktop\dlp-risk-adaptive-protection-csharp-main\DLP.RiskAnalyzer.Analyzer\DLP.RiskAnalyzer.Analyzer.csproj]
C:\Users\abdul\Desktop\dlp-risk-adaptive-protection-csharp-main\DLP.RiskAnalyzer.Analyzer\Services\RedisStreamProcessor.cs(355,31): error CS0103: '_incidentRepository' ad─▒ ge├ğerli ba─şlamda yok [C:\Users\abdul\Desktop\dlp-risk-adaptive-protection-csharp-main\DLP.RiskAnalyzer.Analyzer\DLP.RiskAnalyzer.Analyzer.csproj]
C:\Users\abdul\Desktop\dlp-risk-adaptive-protection-csharp-main\DLP.RiskAnalyzer.Analyzer\Services\RedisStreamProcessor.cs(386,42): error CS0103: '_incidentRepository' ad─▒ ge├ğerli ba─şlamda yok [C:\Users\abdul\Desktop\dlp-risk-adaptive-protection-csharp-main\DLP.RiskAnalyzer.Analyzer\DLP.RiskAnalyzer.Analyzer.csproj]
C:\Users\abdul\Desktop\dlp-risk-adaptive-protection-csharp-main\DLP.RiskAnalyzer.Analyzer\Services\RedisStreamProcessor.cs(386,18): error CS8130: T├╝r├╝ ├Ârt├╝k olarak belirlenen 'saved' ayr─▒┼şt─▒rma de─şi┼şkeninin t├╝r├╝ ├ğ─▒karsanam─▒yor. [C:\Users\abdul\Desktop\dlp-risk-adaptive-protection-csharp-main\DLP.RiskAnalyzer.Analyzer\DLP.RiskAnalyzer.Analyzer.csproj]
C:\Users\abdul\Desktop\dlp-risk-adaptive-protection-csharp-main\DLP.RiskAnalyzer.Analyzer\Services\RedisStreamProcessor.cs(386,25): error CS8130: T├╝r├╝ ├Ârt├╝k olarak belirlenen 'skipped' ayr─▒┼şt─▒rma de─şi┼şkeninin t├╝r├╝ ├ğ─▒karsanam─▒yor. [C:\Users\abdul\Desktop\dlp-risk-adaptive-protection-csharp-main\DLP.RiskAnalyzer.Analyzer\DLP.RiskAnalyzer.Analyzer.csproj]
C:\Users\abdul\Desktop\dlp-risk-adaptive-protection-csharp-main\DLP.RiskAnalyzer.Analyzer\Services\BehaviorMetricsCalculator.cs(486,29): error CS1061: 'ViolationTriggerDto' bir 'Classifiers' tan─▒m─▒ i├ğermiyor ve 'ViolationTriggerDto' t├╝r├╝nde bir ilk ba─ş─▒ms─▒z de─şi┼şken kabul eden hi├ğbir eri┼şilebilir 'Classifiers' geni┼şletme y├Ântemi bulunamad─▒ (bir kullanma y├Ânergeniz veya derleme ba┼şvurunuz eksik olabilir mi?) [C:\Users\abdul\Desktop\dlp-risk-adaptive-protection-csharp-main\DLP.RiskAnalyzer.Analyzer\DLP.RiskAnalyzer.Analyzer.csproj]
C:\Users\abdul\Desktop\dlp-risk-adaptive-protection-csharp-main\DLP.RiskAnalyzer.Analyzer\Services\BehaviorMetricsCalculator.cs(488,56): error CS1061: 'ViolationTriggerDto' bir 'Classifiers' tan─▒m─▒ i├ğermiyor ve 'ViolationTriggerDto' t├╝r├╝nde bir ilk ba─ş─▒ms─▒z de─şi┼şken kabul eden hi├ğbir eri┼şilebilir 'Classifiers' geni┼şletme y├Ântemi bulunamad─▒ (bir kullanma y├Ânergeniz veya derleme ba┼şvurunuz eksik olabilir mi?) [C:\Users\abdul\Desktop\dlp-risk-adaptive-protection-csharp-main\DLP.RiskAnalyzer.Analyzer\DLP.RiskAnalyzer.Analyzer.csproj]

Olu┼şturma BA┼ŞARISIZ OLDU.

C:\Users\abdul\Desktop\dlp-risk-adaptive-protection-csharp-main\DLP.RiskAnalyzer.Analyzer\Services\UserInsightsService.cs(6,7): warning CS0105: 'DLP.RiskAnalyzer.Shared.Constants' i├ğin using y├Ânergesi bu ad alan─▒nda daha ├Ânce g├Âr├╝nd├╝ [C:\Users\abdul\Desktop\dlp-risk-adaptive-protection-csharp-main\DLP.RiskAnalyzer.Analyzer\DLP.RiskAnalyzer.Analyzer.csproj]
C:\Users\abdul\Desktop\dlp-risk-adaptive-protection-csharp-main\DLP.RiskAnalyzer.Analyzer\Services\UserInsightsService.cs(7,7): warning CS0105: 'DLP.RiskAnalyzer.Shared.Helpers' i├ğin using y├Ânergesi bu ad alan─▒nda daha ├Ânce g├Âr├╝nd├╝ [C:\Users\abdul\Desktop\dlp-risk-adaptive-protection-csharp-main\DLP.RiskAnalyzer.Analyzer\DLP.RiskAnalyzer.Analyzer.csproj]
C:\Users\abdul\Desktop\dlp-risk-adaptive-protection-csharp-main\DLP.RiskAnalyzer.Analyzer\Helpers\IncidentResponseMapper.cs(30,33): warning CS8601: Olas─▒ null ba┼şvuru atamas─▒. [C:\Users\abdul\Desktop\dlp-risk-adaptive-protection-csharp-main\DLP.RiskAnalyzer.Analyzer\DLP.RiskAnalyzer.Analyzer.csproj]
C:\Users\abdul\Desktop\dlp-risk-adaptive-protection-csharp-main\DLP.RiskAnalyzer.Analyzer\Controllers\AnalysisController.cs(27,85): error CS1503: 1 ba─ş─▒ms─▒z de─şi┼şkeni: 'DLP.RiskAnalyzer.Analyzer.Services.DatabaseService' ├Â─şesinden 'DLP.RiskAnalyzer.Analyzer.Services.IRedisStreamProcessor' ├Â─şesine d├Ân├╝┼şt├╝r├╝lemiyor [C:\Users\abdul\Desktop\dlp-risk-adaptive-protection-csharp-main\DLP.RiskAnalyzer.Analyzer\DLP.RiskAnalyzer.Analyzer.csproj]
C:\Users\abdul\Desktop\dlp-risk-adaptive-protection-csharp-main\DLP.RiskAnalyzer.Analyzer\Controllers\AnalysisController.cs(47,30): error CS1061: 'DatabaseService' bir 'ProcessRedisStreamAsync' tan─▒m─▒ i├ğermiyor ve 'DatabaseService' t├╝r├╝nde bir ilk ba─ş─▒ms─▒z de─şi┼şken kabul eden hi├ğbir eri┼şilebilir 'ProcessRedisStreamAsync' geni┼şletme y├Ântemi bulunamad─▒ (bir kullanma y├Ânergeniz veya derleme ba┼şvurunuz eksik olabilir mi?) [C:\Users\abdul\Desktop\dlp-risk-adaptive-protection-csharp-main\DLP.RiskAnalyzer.Analyzer\DLP.RiskAnalyzer.Analyzer.csproj]
C:\Users\abdul\Desktop\dlp-risk-adaptive-protection-csharp-main\DLP.RiskAnalyzer.Analyzer\Services\RiskAnalyzerService.cs(30,45): error CS7036: 'UserInsightsService.UserInsightsService(IUserDailyRiskScoreRepository, IIncidentRepository)'nin gerekli 'incidentRepository' parametresine kar┼ş─▒l─▒k gelen herhangi bir arg├╝man yok [C:\Users\abdul\Desktop\dlp-risk-adaptive-protection-csharp-main\DLP.RiskAnalyzer.Analyzer\DLP.RiskAnalyzer.Analyzer.csproj]
C:\Users\abdul\Desktop\dlp-risk-adaptive-protection-csharp-main\DLP.RiskAnalyzer.Analyzer\Services\BehaviorAIExplanationService.cs(50,51): error CS0103: 'ModelProviderKey' ad─▒ ge├ğerli ba─şlamda yok [C:\Users\abdul\Desktop\dlp-risk-adaptive-protection-csharp-main\DLP.RiskAnalyzer.Analyzer\DLP.RiskAnalyzer.Analyzer.csproj]
C:\Users\abdul\Desktop\dlp-risk-adaptive-protection-csharp-main\DLP.RiskAnalyzer.Analyzer\Services\BehaviorAIExplanationService.cs(51,52): error CS0103: 'ModelNameKey' ad─▒ ge├ğerli ba─şlamda yok [C:\Users\abdul\Desktop\dlp-risk-adaptive-protection-csharp-main\DLP.RiskAnalyzer.Analyzer\DLP.RiskAnalyzer.Analyzer.csproj]
C:\Users\abdul\Desktop\dlp-risk-adaptive-protection-csharp-main\DLP.RiskAnalyzer.Analyzer\Services\BehaviorAIExplanationService.cs(52,57): error CS0103: 'TemperatureKey' ad─▒ ge├ğerli ba─şlamda yok [C:\Users\abdul\Desktop\dlp-risk-adaptive-protection-csharp-main\DLP.RiskAnalyzer.Analyzer\DLP.RiskAnalyzer.Analyzer.csproj]
C:\Users\abdul\Desktop\dlp-risk-adaptive-protection-csharp-main\DLP.RiskAnalyzer.Analyzer\Services\BehaviorAIExplanationService.cs(54,55): error CS0103: 'MaxTokensKey' ad─▒ ge├ğerli ba─şlamda yok [C:\Users\abdul\Desktop\dlp-risk-adaptive-protection-csharp-main\DLP.RiskAnalyzer.Analyzer\DLP.RiskAnalyzer.Analyzer.csproj]
C:\Users\abdul\Desktop\dlp-risk-adaptive-protection-csharp-main\DLP.RiskAnalyzer.Analyzer\Services\BehaviorAIExplanationService.cs(66,60): error CS0103: 'OpenAIKeyKey' ad─▒ ge├ğerli ba─şlamda yok [C:\Users\abdul\Desktop\dlp-risk-adaptive-protection-csharp-main\DLP.RiskAnalyzer.Analyzer\DLP.RiskAnalyzer.Analyzer.csproj]
C:\Users\abdul\Desktop\dlp-risk-adaptive-protection-csharp-main\DLP.RiskAnalyzer.Analyzer\Services\BehaviorAIExplanationService.cs(74,30): error CS0103: '_protector' ad─▒ ge├ğerli ba─şlamda yok [C:\Users\abdul\Desktop\dlp-risk-adaptive-protection-csharp-main\DLP.RiskAnalyzer.Analyzer\DLP.RiskAnalyzer.Analyzer.csproj]
C:\Users\abdul\Desktop\dlp-risk-adaptive-protection-csharp-main\DLP.RiskAnalyzer.Analyzer\Services\BehaviorAIExplanationService.cs(75,22): error CS8130: T├╝r├╝ ├Ârt├╝k olarak belirlenen 'explanation' ayr─▒┼şt─▒rma de─şi┼şkeninin t├╝r├╝ ├ğ─▒karsanam─▒yor. [C:\Users\abdul\Desktop\dlp-risk-adaptive-protection-csharp-main\DLP.RiskAnalyzer.Analyzer\DLP.RiskAnalyzer.Analyzer.csproj]
C:\Users\abdul\Desktop\dlp-risk-adaptive-protection-csharp-main\DLP.RiskAnalyzer.Analyzer\Services\BehaviorAIExplanationService.cs(75,35): error CS8130: T├╝r├╝ ├Ârt├╝k olarak belirlenen 'recommendation' ayr─▒┼şt─▒rma de─şi┼şkeninin t├╝r├╝ ├ğ─▒karsanam─▒yor. [C:\Users\abdul\Desktop\dlp-risk-adaptive-protection-csharp-main\DLP.RiskAnalyzer.Analyzer\DLP.RiskAnalyzer.Analyzer.csproj]
C:\Users\abdul\Desktop\dlp-risk-adaptive-protection-csharp-main\DLP.RiskAnalyzer.Analyzer\Services\BehaviorAIExplanationService.cs(97,60): error CS0103: 'AzureKeyKey' ad─▒ ge├ğerli ba─şlamda yok [C:\Users\abdul\Desktop\dlp-risk-adaptive-protection-csharp-main\DLP.RiskAnalyzer.Analyzer\DLP.RiskAnalyzer.Analyzer.csproj]
C:\Users\abdul\Desktop\dlp-risk-adaptive-protection-csharp-main\DLP.RiskAnalyzer.Analyzer\Services\BehaviorAIExplanationService.cs(98,55): error CS0103: 'AzureEndpointKey' ad─▒ ge├ğerli ba─şlamda yok [C:\Users\abdul\Desktop\dlp-risk-adaptive-protection-csharp-main\DLP.RiskAnalyzer.Analyzer\DLP.RiskAnalyzer.Analyzer.csproj]
C:\Users\abdul\Desktop\dlp-risk-adaptive-protection-csharp-main\DLP.RiskAnalyzer.Analyzer\Services\BehaviorAIExplanationService.cs(107,30): error CS0103: '_protector' ad─▒ ge├ğerli ba─şlamda yok [C:\Users\abdul\Desktop\dlp-risk-adaptive-protection-csharp-main\DLP.RiskAnalyzer.Analyzer\DLP.RiskAnalyzer.Analyzer.csproj]
C:\Users\abdul\Desktop\dlp-risk-adaptive-protection-csharp-main\DLP.RiskAnalyzer.Analyzer\Services\BehaviorAIExplanationService.cs(108,22): error CS8130: T├╝r├╝ ├Ârt├╝k olarak belirlenen 'explanation' ayr─▒┼şt─▒rma de─şi┼şkeninin t├╝r├╝ ├ğ─▒karsanam─▒yor. [C:\Users\abdul\Desktop\dlp-risk-adaptive-protection-csharp-main\DLP.RiskAnalyzer.Analyzer\DLP.RiskAnalyzer.Analyzer.csproj]
C:\Users\abdul\Desktop\dlp-risk-adaptive-protection-csharp-main\DLP.RiskAnalyzer.Analyzer\Services\BehaviorAIExplanationService.cs(108,35): error CS8130: T├╝r├╝ ├Ârt├╝k olarak belirlenen 'recommendation' ayr─▒┼şt─▒rma de─şi┼şkeninin t├╝r├╝ ├ğ─▒karsanam─▒yor. [C:\Users\abdul\Desktop\dlp-risk-adaptive-protection-csharp-main\DLP.RiskAnalyzer.Analyzer\DLP.RiskAnalyzer.Analyzer.csproj]
C:\Users\abdul\Desktop\dlp-risk-adaptive-protection-csharp-main\DLP.RiskAnalyzer.Analyzer\Services\ReleasedIncidentProcessor.cs(100,44): error CS0246: 'ReleasedIncident' t├╝r├╝ veya ad alan─▒ ad─▒ bulunamad─▒ (bir using y├Ânergeniz veya derleme ba┼şvurunuz mu eksik?) [C:\Users\abdul\Desktop\dlp-risk-adaptive-protection-csharp-main\DLP.RiskAnalyzer.Analyzer\DLP.RiskAnalyzer.Analyzer.csproj]
C:\Users\abdul\Desktop\dlp-risk-adaptive-protection-csharp-main\DLP.RiskAnalyzer.Analyzer\Services\BehaviorMetricsCalculator.cs(98,36): error CS0103: 'CalculateChannelZScore' ad─▒ ge├ğerli ba─şlamda yok [C:\Users\abdul\Desktop\dlp-risk-adaptive-protection-csharp-main\DLP.RiskAnalyzer.Analyzer\DLP.RiskAnalyzer.Analyzer.csproj]
C:\Users\abdul\Desktop\dlp-risk-adaptive-protection-csharp-main\DLP.RiskAnalyzer.Analyzer\Services\BehaviorMetricsCalculator.cs(99,34): error CS0103: 'CalculateChannelZScore' ad─▒ ge├ğerli ba─şlamda yok [C:\Users\abdul\Desktop\dlp-risk-adaptive-protection-csharp-main\DLP.RiskAnalyzer.Analyzer\DLP.RiskAnalyzer.Analyzer.csproj]
C:\Users\abdul\Desktop\dlp-risk-adaptive-protection-csharp-main\DLP.RiskAnalyzer.Analyzer\Services\BehaviorMetricsCalculator.cs(100,39): error CS0103: 'CalculateChannelZScore' ad─▒ ge├ğerli ba─şlamda yok [C:\Users\abdul\Desktop\dlp-risk-adaptive-protection-csharp-main\DLP.RiskAnalyzer.Analyzer\DLP.RiskAnalyzer.Analyzer.csproj]
C:\Users\abdul\Desktop\dlp-risk-adaptive-protection-csharp-main\DLP.RiskAnalyzer.Analyzer\Services\RedisStreamProcessor.cs(228,46): error CS0103: '_incidentRepository' ad─▒ ge├ğerli ba─şlamda yok [C:\Users\abdul\Desktop\dlp-risk-adaptive-protection-csharp-main\DLP.RiskAnalyzer.Analyzer\DLP.RiskAnalyzer.Analyzer.csproj]
C:\Users\abdul\Desktop\dlp-risk-adaptive-protection-csharp-main\DLP.RiskAnalyzer.Analyzer\Services\RedisStreamProcessor.cs(282,31): error CS0103: '_incidentRepository' ad─▒ ge├ğerli ba─şlamda yok [C:\Users\abdul\Desktop\dlp-risk-adaptive-protection-csharp-main\DLP.RiskAnalyzer.Analyzer\DLP.RiskAnalyzer.Analyzer.csproj]
C:\Users\abdul\Desktop\dlp-risk-adaptive-protection-csharp-main\DLP.RiskAnalyzer.Analyzer\Services\RedisStreamProcessor.cs(310,35): error CS0103: '_incidentRepository' ad─▒ ge├ğerli ba─şlamda yok [C:\Users\abdul\Desktop\dlp-risk-adaptive-protection-csharp-main\DLP.RiskAnalyzer.Analyzer\DLP.RiskAnalyzer.Analyzer.csproj]
C:\Users\abdul\Desktop\dlp-risk-adaptive-protection-csharp-main\DLP.RiskAnalyzer.Analyzer\Services\RedisStreamProcessor.cs(355,31): error CS0103: '_incidentRepository' ad─▒ ge├ğerli ba─şlamda yok [C:\Users\abdul\Desktop\dlp-risk-adaptive-protection-csharp-main\DLP.RiskAnalyzer.Analyzer\DLP.RiskAnalyzer.Analyzer.csproj]
C:\Users\abdul\Desktop\dlp-risk-adaptive-protection-csharp-main\DLP.RiskAnalyzer.Analyzer\Services\RedisStreamProcessor.cs(386,42): error CS0103: '_incidentRepository' ad─▒ ge├ğerli ba─şlamda yok [C:\Users\abdul\Desktop\dlp-risk-adaptive-protection-csharp-main\DLP.RiskAnalyzer.Analyzer\DLP.RiskAnalyzer.Analyzer.csproj]
C:\Users\abdul\Desktop\dlp-risk-adaptive-protection-csharp-main\DLP.RiskAnalyzer.Analyzer\Services\RedisStreamProcessor.cs(386,18): error CS8130: T├╝r├╝ ├Ârt├╝k olarak belirlenen 'saved' ayr─▒┼şt─▒rma de─şi┼şkeninin t├╝r├╝ ├ğ─▒karsanam─▒yor. [C:\Users\abdul\Desktop\dlp-risk-adaptive-protection-csharp-main\DLP.RiskAnalyzer.Analyzer\DLP.RiskAnalyzer.Analyzer.csproj]
C:\Users\abdul\Desktop\dlp-risk-adaptive-protection-csharp-main\DLP.RiskAnalyzer.Analyzer\Services\RedisStreamProcessor.cs(386,25): error CS8130: T├╝r├╝ ├Ârt├╝k olarak belirlenen 'skipped' ayr─▒┼şt─▒rma de─şi┼şkeninin t├╝r├╝ ├ğ─▒karsanam─▒yor. [C:\Users\abdul\Desktop\dlp-risk-adaptive-protection-csharp-main\DLP.RiskAnalyzer.Analyzer\DLP.RiskAnalyzer.Analyzer.csproj]
C:\Users\abdul\Desktop\dlp-risk-adaptive-protection-csharp-main\DLP.RiskAnalyzer.Analyzer\Services\BehaviorMetricsCalculator.cs(486,29): error CS1061: 'ViolationTriggerDto' bir 'Classifiers' tan─▒m─▒ i├ğermiyor ve 'ViolationTriggerDto' t├╝r├╝nde bir ilk ba─ş─▒ms─▒z de─şi┼şken kabul eden hi├ğbir eri┼şilebilir 'Classifiers' geni┼şletme y├Ântemi bulunamad─▒ (bir kullanma y├Ânergeniz veya derleme ba┼şvurunuz eksik olabilir mi?) [C:\Users\abdul\Desktop\dlp-risk-adaptive-protection-csharp-main\DLP.RiskAnalyzer.Analyzer\DLP.RiskAnalyzer.Analyzer.csproj]
C:\Users\abdul\Desktop\dlp-risk-adaptive-protection-csharp-main\DLP.RiskAnalyzer.Analyzer\Services\BehaviorMetricsCalculator.cs(488,56): error CS1061: 'ViolationTriggerDto' bir 'Classifiers' tan─▒m─▒ i├ğermiyor ve 'ViolationTriggerDto' t├╝r├╝nde bir ilk ba─ş─▒ms─▒z de─şi┼şken kabul eden hi├ğbir eri┼şilebilir 'Classifiers' geni┼şletme y├Ântemi bulunamad─▒ (bir kullanma y├Ânergeniz veya derleme ba┼şvurunuz eksik olabilir mi?) [C:\Users\abdul\Desktop\dlp-risk-adaptive-protection-csharp-main\DLP.RiskAnalyzer.Analyzer\DLP.RiskAnalyzer.Analyzer.csproj]
    3 Uyar─▒
    29 Hata

Ge├ğen S├╝re 00:00:38.90
